     1                                 %line 1+1 lab7.asm
     2                                 [global absoluteValue]
     3                                 
     4                                 [section .text]
     5                                 
     6                                 
     7                                 
     8                                 absoluteValue:
     9                                 
    10 00000000 55                      push rbp
    11 00000001 4889E5                  mov rbp, rsp
    12                                 
    13 00000004 4883FF00                cmp rdi, 0
    14 00000008 7419                    je rexit
    15                                 
    16                                 
    17                                 
    18                                 
    19 0000000A 4881E700000080          and rdi, 0x80000000
    20 00000011 4885FF                  test rdi, rdi
    21                                 
    22 00000014 7503                    jne doSomething
    23                                 
    24 00000016 4889F8                  mov rax, rdi
    25 00000019 EB08                    jmp rexit
    26                                 
    27                                 doSomething:
    28                                 
    29 0000001B 48F7D7                  NOT rdi
    30 0000001E 4883C701                add rdi, 1
    31 00000022 4889F8                  mov rax, rdi
    32                                 
    33                                 
    34                                 
    35                                 
    36                                 rexit:
    37 00000025 5D                      pop rbp
    38 00000026 C3                      ret
    39                                 
    40                                 
    41                                 
    42                                 
